sr@DESKTOP-LPSCRSD MINGW64 ~ (assign-css)
$ git checkout -b master
Switched to a new branch 'master'

sr@DESKTOP-LPSCRSD MINGW64 ~ (master)
$ cd Assignments

sr@DESKTOP-LPSCRSD MINGW64 ~/Assignments (master)
$ git branch css-assg

sr@DESKTOP-LPSCRSD MINGW64 ~/Assignments (master)
$ git branch
  css-assg
  css-assi
  css-assignments
* master

sr@DESKTOP-LPSCRSD MINGW64 ~/Assignments (master)
$ git checkout -b css-assg
fatal: A branch named 'css-assg' already exists.

sr@DESKTOP-LPSCRSD MINGW64 ~/Assignments (master)
$ git checkout css-assg
Switched to branch 'css-assg'
M       README.txt

sr@DESKTOP-LPSCRSD MINGW64 ~/Assignments (css-assg)
$ git status
On branch css-assg
Changes not staged for commit:
  (use "git add <file>..." to update what will be committed)
  (use "git restore <file>..." to discard changes in working directory)
        modified:   README.txt

Untracked files:
  (use "git add <file>..." to include in what will be committed)
        style1.css
        style2.css

no changes added to commit (use "git add" and/or "git commit -a")

sr@DESKTOP-LPSCRSD MINGW64 ~/Assignments (css-assg)
$ git commit -m 'changes applied on the files'
On branch css-assg
Changes not staged for commit:
  (use "git add <file>..." to update what will be committed)
  (use "git restore <file>..." to discard changes in working directory)
        modified:   README.txt

Untracked files:
  (use "git add <file>..." to include in what will be committed)
        style1.css
        style2.css

no changes added to commit (use "git add" and/or "git commit -a")

sr@DESKTOP-LPSCRSD MINGW64 ~/Assignments (css-assg)
$ git status
On branch css-assg
Changes not staged for commit:
  (use "git add <file>..." to update what will be committed)
  (use "git restore <file>..." to discard changes in working directory)
        modified:   README.txt

Untracked files:
  (use "git add <file>..." to include in what will be committed)
        style1.css
        style2.css

no changes added to commit (use "git add" and/or "git commit -a")

sr@DESKTOP-LPSCRSD MINGW64 ~/Assignments (css-assg)
$ git checkout master
Switched to branch 'master'
M       README.txt

sr@DESKTOP-LPSCRSD MINGW64 ~/Assignments (master)
$ git status
On branch master
Changes not staged for commit:
  (use "git add <file>..." to update what will be committed)
  (use "git restore <file>..." to discard changes in working directory)
        modified:   README.txt

Untracked files:
  (use "git add <file>..." to include in what will be committed)
        style1.css
        style2.css

no changes added to commit (use "git add" and/or "git commit -a")

sr@DESKTOP-LPSCRSD MINGW64 ~/Assignments (master)
$ git checkout css-assg
Switched to branch 'css-assg'
M       README.txt

sr@DESKTOP-LPSCRSD MINGW64 ~/Assignments (css-assg)
$ git status
On branch css-assg
Changes not staged for commit:
  (use "git add <file>..." to update what will be committed)
  (use "git restore <file>..." to discard changes in working directory)
        modified:   README.txt

Untracked files:
  (use "git add <file>..." to include in what will be committed)
        style1.css
        style2.css

no changes added to commit (use "git add" and/or "git commit -a")

sr@DESKTOP-LPSCRSD MINGW64 ~/Assignments (css-assg)
$ git commit -m 'changes applied on the files'
On branch css-assg
Changes not staged for commit:
  (use "git add <file>..." to update what will be committed)
  (use "git restore <file>..." to discard changes in working directory)
        modified:   README.txt

Untracked files:
  (use "git add <file>..." to include in what will be committed)
        style1.css
        style2.css

no changes added to commit (use "git add" and/or "git commit -a")

sr@DESKTOP-LPSCRSD MINGW64 ~/Assignments (css-assg)
$ git merge css-assg
Already up to date.

sr@DESKTOP-LPSCRSD MINGW64 ~/Assignments (css-assg)
$ git branch -d css-assg
error: Cannot delete branch 'css-assg' checked out at 'C:/Users/sr/Assignments'

sr@DESKTOP-LPSCRSD MINGW64 ~/Assignments (css-assg)
$ git checkout master
Switched to branch 'master'
M       README.txt

sr@DESKTOP-LPSCRSD MINGW64 ~/Assignments (master)
$ git branch -d css-assg
Deleted branch css-assg (was 8fba646).

sr@DESKTOP-LPSCRSD MINGW64 ~/Assignments (master)
$ git log --graph
* commit 8fba646fdcf758ac3079cf5c200623539f70664c (HEAD -> master)
| Author: prag111 <pragati1399@gmail.com>
| Date:   Sat Mar 13 15:37:55 2021 -0800
|
|     commited
|
* commit a57335ec23335da793dff367204817ec9592af23 (css-assignments)
  Author: prag111 <pragati1399@gmail.com>
  Date:   Sat Mar 13 15:15:25 2021 -0800

      changes applied on some files

sr@DESKTOP-LPSCRSD MINGW64 ~/Assignments (master)
$
